2025-08-27 20:02:52 0 [Note] Starting MariaDB 10.4.32-MariaDB source revision c4143f909528e3fab0677a28631d10389354c491 as process 8200
2025-08-27 20:02:52 0 [Note] InnoDB: Mutexes and rw_locks use Windows interlocked functions
2025-08-27 20:02:52 0 [Note] InnoDB: Uses event mutexes
2025-08-27 20:02:52 0 [Note] InnoDB: Compressed tables use zlib 1.3
2025-08-27 20:02:52 0 [Note] InnoDB: Number of pools: 1
2025-08-27 20:02:52 0 [Note] InnoDB: Using SSE2 crc32 instructions
2025-08-27 20:02:52 0 [Note] InnoDB: Initializing buffer pool, total size = 16M, instances = 1, chunk size = 16M
2025-08-27 20:02:52 0 [Note] InnoDB: Completed initialization of buffer pool
2025-08-27 20:02:52 0 [Note] InnoDB: Starting crash recovery from checkpoint LSN=300288
2025-08-27 20:02:53 0 [Note] InnoDB: 128 out of 128 rollback segments are active.
2025-08-27 20:02:53 0 [Note] InnoDB: Removed temporary tablespace data file: "ibtmp1"
2025-08-27 20:02:53 0 [Note] InnoDB: Creating shared tablespace for temporary tables
2025-08-27 20:02:53 0 [Note] InnoDB: Setting file 'C:\xampp\mysql\data\ibtmp1' size to 12 MB. Physically writing the file full; Please wait ...
2025-08-27 20:02:53 0 [Note] InnoDB: File 'C:\xampp\mysql\data\ibtmp1' size is now 12 MB.
2025-08-27 20:02:53 0 [Note] InnoDB: Waiting for purge to start
2025-08-27 20:02:53 0 [Note] InnoDB: 10.4.32 started; log sequence number 300297; transaction id 170
2025-08-27 20:02:53 0 [Note] InnoDB: Loading buffer pool(s) from C:\xampp\mysql\data\ib_buffer_pool
2025-08-27 20:02:53 0 [Note] Plugin 'FEEDBACK' is disabled.
2025-08-27 20:02:53 0 [Note] InnoDB: Buffer pool(s) load completed at 250827 20:02:53
2025-08-27 20:02:53 0 [Note] Server socket created on IP: '::'.
2025-08-27 21:09:17 0 [Note] Starting MariaDB 10.4.32-MariaDB source revision c4143f909528e3fab0677a28631d10389354c491 as process 8300
2025-08-27 21:09:17 0 [Note] InnoDB: Mutexes and rw_locks use Windows interlocked functions
2025-08-27 21:09:17 0 [Note] InnoDB: Uses event mutexes
2025-08-27 21:09:17 0 [Note] InnoDB: Compressed tables use zlib 1.3
2025-08-27 21:09:17 0 [Note] InnoDB: Number of pools: 1
2025-08-27 21:09:17 0 [Note] InnoDB: Using SSE2 crc32 instructions
2025-08-27 21:09:17 0 [Note] InnoDB: Initializing buffer pool, total size = 16M, instances = 1, chunk size = 16M
2025-08-27 21:09:17 0 [Note] InnoDB: Completed initialization of buffer pool
2025-08-27 21:09:17 0 [Note] InnoDB: Starting crash recovery from checkpoint LSN=3341003
2025-08-27 21:09:17 0 [Note] InnoDB: Starting final batch to recover 1 pages from redo log.
2025-08-27 21:09:18 0 [Note] InnoDB: 128 out of 128 rollback segments are active.
2025-08-27 21:09:18 0 [Note] InnoDB: Removed temporary tablespace data file: "ibtmp1"
2025-08-27 21:09:18 0 [Note] InnoDB: Creating shared tablespace for temporary tables
2025-08-27 21:09:18 0 [Note] InnoDB: Setting file 'C:\xampp\mysql\data\ibtmp1' size to 12 MB. Physically writing the file full; Please wait ...
2025-08-27 21:09:18 0 [Note] InnoDB: File 'C:\xampp\mysql\data\ibtmp1' size is now 12 MB.
2025-08-27 21:09:18 0 [Note] InnoDB: Waiting for purge to start
2025-08-27 21:09:18 0 [Note] InnoDB: 10.4.32 started; log sequence number 3341248; transaction id 1414
2025-08-27 21:09:18 0 [Note] InnoDB: Loading buffer pool(s) from C:\xampp\mysql\data\ib_buffer_pool
2025-08-27 21:09:18 0 [Note] Plugin 'FEEDBACK' is disabled.
2025-08-27 21:09:18 0 [Note] Server socket created on IP: '::'.
2025-08-27 21:09:20 0 [Note] Starting MariaDB 10.4.32-MariaDB source revision c4143f909528e3fab0677a28631d10389354c491 as process 14664
2025-08-27 21:09:20 0 [Note] InnoDB: Mutexes and rw_locks use Windows interlocked functions
2025-08-27 21:09:20 0 [Note] InnoDB: Uses event mutexes
2025-08-27 21:09:20 0 [Note] InnoDB: Compressed tables use zlib 1.3
2025-08-27 21:09:20 0 [Note] InnoDB: Number of pools: 1
2025-08-27 21:09:20 0 [Note] InnoDB: Using SSE2 crc32 instructions
2025-08-27 21:09:20 0 [Note] InnoDB: Initializing buffer pool, total size = 16M, instances = 1, chunk size = 16M
2025-08-27 21:09:20 0 [Note] InnoDB: Completed initialization of buffer pool
2025-08-27 21:09:20 0 [Note] InnoDB: Starting crash recovery from checkpoint LSN=3341003
2025-08-27 21:09:20 0 [Note] InnoDB: Starting final batch to recover 1 pages from redo log.
2025-08-27 21:09:21 0 [Note] InnoDB: 128 out of 128 rollback segments are active.
2025-08-27 21:09:21 0 [Note] InnoDB: Removed temporary tablespace data file: "ibtmp1"
2025-08-27 21:09:21 0 [Note] InnoDB: Creating shared tablespace for temporary tables
2025-08-27 21:09:21 0 [Note] InnoDB: Setting file 'C:\xampp\mysql\data\ibtmp1' size to 12 MB. Physically writing the file full; Please wait ...
2025-08-27 21:09:21 0 [Note] InnoDB: File 'C:\xampp\mysql\data\ibtmp1' size is now 12 MB.
2025-08-27 21:09:21 0 [Note] InnoDB: Waiting for purge to start
2025-08-27 21:09:21 0 [Note] InnoDB: 10.4.32 started; log sequence number 3341248; transaction id 1414
2025-08-27 21:09:21 0 [Note] InnoDB: Loading buffer pool(s) from C:\xampp\mysql\data\ib_buffer_pool
2025-08-27 21:09:21 0 [Note] Plugin 'FEEDBACK' is disabled.
2025-08-27 21:09:21 0 [Note] Server socket created on IP: '::'.
2025-08-28 10:23:23 0 [Note] Starting MariaDB 10.4.32-MariaDB source revision c4143f909528e3fab0677a28631d10389354c491 as process 7368
2025-08-28 10:23:23 0 [Note] InnoDB: Mutexes and rw_locks use Windows interlocked functions
2025-08-28 10:23:23 0 [Note] InnoDB: Uses event mutexes
2025-08-28 10:23:23 0 [Note] InnoDB: Compressed tables use zlib 1.3
2025-08-28 10:23:23 0 [Note] InnoDB: Number of pools: 1
2025-08-28 10:23:23 0 [Note] InnoDB: Using SSE2 crc32 instructions
2025-08-28 10:23:23 0 [Note] InnoDB: Initializing buffer pool, total size = 16M, instances = 1, chunk size = 16M
2025-08-28 10:23:23 0 [Note] InnoDB: Completed initialization of buffer pool
2025-08-28 10:23:23 0 [Note] InnoDB: Starting crash recovery from checkpoint LSN=44975229
2025-08-28 10:23:24 0 [Note] InnoDB: 128 out of 128 rollback segments are active.
2025-08-28 10:23:24 0 [Note] InnoDB: Removed temporary tablespace data file: "ibtmp1"
2025-08-28 10:23:24 0 [Note] InnoDB: Creating shared tablespace for temporary tables
2025-08-28 10:23:24 0 [Note] InnoDB: Setting file 'C:\xampp\mysql\data\ibtmp1' size to 12 MB. Physically writing the file full; Please wait ...
2025-08-28 10:23:24 0 [Note] InnoDB: File 'C:\xampp\mysql\data\ibtmp1' size is now 12 MB.
2025-08-28 10:23:24 0 [Note] InnoDB: Waiting for purge to start
2025-08-28 10:23:24 0 [Note] InnoDB: 10.4.32 started; log sequence number 44975238; transaction id 23051
2025-08-28 10:23:24 0 [Note] InnoDB: Loading buffer pool(s) from C:\xampp\mysql\data\ib_buffer_pool
2025-08-28 10:23:24 0 [Note] Plugin 'FEEDBACK' is disabled.
2025-08-28 10:23:24 0 [Note] InnoDB: Buffer pool(s) load completed at 250828 10:23:24
2025-08-28 10:23:24 0 [Note] Server socket created on IP: '::'.
2025-08-28 14:03:18 0 [Note] Starting MariaDB 10.4.32-MariaDB source revision c4143f909528e3fab0677a28631d10389354c491 as process 17768
2025-08-28 14:03:19 0 [Note] InnoDB: Mutexes and rw_locks use Windows interlocked functions
2025-08-28 14:03:19 0 [Note] InnoDB: Uses event mutexes
2025-08-28 14:03:19 0 [Note] InnoDB: Compressed tables use zlib 1.3
2025-08-28 14:03:19 0 [Note] InnoDB: Number of pools: 1
2025-08-28 14:03:19 0 [Note] InnoDB: Using SSE2 crc32 instructions
2025-08-28 14:03:19 0 [Note] InnoDB: Initializing buffer pool, total size = 16M, instances = 1, chunk size = 16M
2025-08-28 14:03:19 0 [Note] InnoDB: Completed initialization of buffer pool
2025-08-28 14:03:19 0 [Note] InnoDB: Starting crash recovery from checkpoint LSN=70286500
2025-08-28 14:03:19 0 [Note] InnoDB: 128 out of 128 rollback segments are active.
2025-08-28 14:03:19 0 [Note] InnoDB: Removed temporary tablespace data file: "ibtmp1"
2025-08-28 14:03:19 0 [Note] InnoDB: Creating shared tablespace for temporary tables
2025-08-28 14:03:19 0 [Note] InnoDB: Setting file 'C:\xampp\mysql\data\ibtmp1' size to 12 MB. Physically writing the file full; Please wait ...
2025-08-28 14:03:19 0 [Note] InnoDB: File 'C:\xampp\mysql\data\ibtmp1' size is now 12 MB.
2025-08-28 14:03:19 0 [Note] InnoDB: Waiting for purge to start
2025-08-28 14:03:19 0 [Note] InnoDB: 10.4.32 started; log sequence number 70286509; transaction id 35543
2025-08-28 14:03:19 0 [Note] InnoDB: Loading buffer pool(s) from C:\xampp\mysql\data\ib_buffer_pool
2025-08-28 14:03:19 0 [Note] Plugin 'FEEDBACK' is disabled.
2025-08-28 14:03:19 0 [Note] InnoDB: Buffer pool(s) load completed at 250828 14:03:19
2025-08-28 14:03:19 0 [Note] Server socket created on IP: '::'.
2025-08-28 14:03:22 0 [Note] Starting MariaDB 10.4.32-MariaDB source revision c4143f909528e3fab0677a28631d10389354c491 as process 6824
2025-08-28 14:03:22 0 [Note] InnoDB: Mutexes and rw_locks use Windows interlocked functions
2025-08-28 14:03:22 0 [Note] InnoDB: Uses event mutexes
2025-08-28 14:03:22 0 [Note] InnoDB: Compressed tables use zlib 1.3
2025-08-28 14:03:22 0 [Note] InnoDB: Number of pools: 1
2025-08-28 14:03:22 0 [Note] InnoDB: Using SSE2 crc32 instructions
2025-08-28 14:03:22 0 [Note] InnoDB: Initializing buffer pool, total size = 16M, instances = 1, chunk size = 16M
2025-08-28 14:03:22 0 [Note] InnoDB: Completed initialization of buffer pool
2025-08-28 14:03:22 0 [Note] InnoDB: Starting crash recovery from checkpoint LSN=70286500
2025-08-28 14:03:22 0 [Note] InnoDB: 128 out of 128 rollback segments are active.
2025-08-28 14:03:22 0 [Note] InnoDB: Removed temporary tablespace data file: "ibtmp1"
2025-08-28 14:03:22 0 [Note] InnoDB: Creating shared tablespace for temporary tables
2025-08-28 14:03:22 0 [Note] InnoDB: Setting file 'C:\xampp\mysql\data\ibtmp1' size to 12 MB. Physically writing the file full; Please wait ...
2025-08-28 14:03:22 0 [Note] InnoDB: File 'C:\xampp\mysql\data\ibtmp1' size is now 12 MB.
2025-08-28 14:03:22 0 [Note] InnoDB: Waiting for purge to start
2025-08-28 14:03:22 0 [Note] InnoDB: 10.4.32 started; log sequence number 70286509; transaction id 35543
2025-08-28 14:03:22 0 [Note] InnoDB: Loading buffer pool(s) from C:\xampp\mysql\data\ib_buffer_pool
2025-08-28 14:03:22 0 [Note] Plugin 'FEEDBACK' is disabled.
2025-08-28 14:03:22 0 [Note] Server socket created on IP: '::'.
2025-08-29  5:38:09 0 [Note] Starting MariaDB 10.4.32-MariaDB source revision c4143f909528e3fab0677a28631d10389354c491 as process 5424
2025-08-29  5:38:09 0 [Note] mysqld.exe: Aria engine: starting recovery
recovered pages: 0% 100% (0.0 seconds); 
2025-08-29  5:38:09 0 [Note] mysqld.exe: Aria engine: recovery done
2025-08-29  5:38:09 0 [Note] InnoDB: Mutexes and rw_locks use Windows interlocked functions
2025-08-29  5:38:09 0 [Note] InnoDB: Uses event mutexes
2025-08-29  5:38:09 0 [Note] InnoDB: Compressed tables use zlib 1.3
2025-08-29  5:38:09 0 [Note] InnoDB: Number of pools: 1
2025-08-29  5:38:09 0 [Note] InnoDB: Using SSE2 crc32 instructions
2025-08-29  5:38:09 0 [Note] InnoDB: Initializing buffer pool, total size = 16M, instances = 1, chunk size = 16M
2025-08-29  5:38:09 0 [Note] InnoDB: Completed initialization of buffer pool
2025-08-29  5:38:09 0 [Note] InnoDB: Starting crash recovery from checkpoint LSN=136404805
2025-08-29  5:38:09 0 [Note] InnoDB: 128 out of 128 rollback segments are active.
2025-08-29  5:38:09 0 [Note] InnoDB: Removed temporary tablespace data file: "ibtmp1"
2025-08-29  5:38:09 0 [Note] InnoDB: Creating shared tablespace for temporary tables
2025-08-29  5:38:09 0 [Note] InnoDB: Setting file 'C:\xampp\mysql\data\ibtmp1' size to 12 MB. Physically writing the file full; Please wait ...
2025-08-29  5:38:09 0 [Note] InnoDB: File 'C:\xampp\mysql\data\ibtmp1' size is now 12 MB.
2025-08-29  5:38:09 0 [Note] InnoDB: Waiting for purge to start
2025-08-29  5:38:09 0 [Note] InnoDB: 10.4.32 started; log sequence number 136404814; transaction id 69536
2025-08-29  5:38:09 0 [Note] InnoDB: Loading buffer pool(s) from C:\xampp\mysql\data\ib_buffer_pool
2025-08-29  5:38:09 0 [Note] Plugin 'FEEDBACK' is disabled.
2025-08-29  5:38:09 0 [Note] Server socket created on IP: '::'.
2025-08-29 12:18:09 0 [Note] Starting MariaDB 10.4.32-MariaDB source revision c4143f909528e3fab0677a28631d10389354c491 as process 3984
2025-08-29 12:18:09 0 [Note] mysqld.exe: Aria engine: starting recovery
recovered pages: 0% 100% (0.0 seconds); 
2025-08-29 12:18:09 0 [Note] mysqld.exe: Aria engine: recovery done
2025-08-29 12:18:09 0 [Note] InnoDB: Mutexes and rw_locks use Windows interlocked functions
2025-08-29 12:18:09 0 [Note] InnoDB: Uses event mutexes
2025-08-29 12:18:09 0 [Note] InnoDB: Compressed tables use zlib 1.3
2025-08-29 12:18:09 0 [Note] InnoDB: Number of pools: 1
2025-08-29 12:18:09 0 [Note] InnoDB: Using SSE2 crc32 instructions
2025-08-29 12:18:09 0 [Note] InnoDB: Initializing buffer pool, total size = 16M, instances = 1, chunk size = 16M
2025-08-29 12:18:09 0 [Note] InnoDB: Completed initialization of buffer pool
2025-08-29 12:18:09 0 [Note] InnoDB: Starting crash recovery from checkpoint LSN=201284578
2025-08-29 12:18:10 0 [Note] InnoDB: 128 out of 128 rollback segments are active.
2025-08-29 12:18:10 0 [Note] InnoDB: Removed temporary tablespace data file: "ibtmp1"
2025-08-29 12:18:10 0 [Note] InnoDB: Creating shared tablespace for temporary tables
2025-08-29 12:18:10 0 [Note] InnoDB: Setting file 'C:\xampp\mysql\data\ibtmp1' size to 12 MB. Physically writing the file full; Please wait ...
2025-08-29 12:18:10 0 [Note] InnoDB: File 'C:\xampp\mysql\data\ibtmp1' size is now 12 MB.
2025-08-29 12:18:10 0 [Note] InnoDB: Waiting for purge to start
2025-08-29 12:18:10 0 [Note] InnoDB: 10.4.32 started; log sequence number 201284587; transaction id 102249
2025-08-29 12:18:10 0 [Note] InnoDB: Loading buffer pool(s) from C:\xampp\mysql\data\ib_buffer_pool
2025-08-29 12:18:10 0 [Note] Plugin 'FEEDBACK' is disabled.
2025-08-29 12:18:10 0 [Note] InnoDB: Buffer pool(s) load completed at 250829 12:18:10
2025-08-29 12:18:10 0 [Note] Server socket created on IP: '::'.
2025-08-29 19:30:35 0 [Note] Starting MariaDB 10.4.32-MariaDB source revision c4143f909528e3fab0677a28631d10389354c491 as process 14756
2025-08-29 19:30:35 0 [Note] InnoDB: Mutexes and rw_locks use Windows interlocked functions
2025-08-29 19:30:35 0 [Note] InnoDB: Uses event mutexes
2025-08-29 19:30:35 0 [Note] InnoDB: Compressed tables use zlib 1.3
2025-08-29 19:30:35 0 [Note] InnoDB: Number of pools: 1
2025-08-29 19:30:35 0 [Note] InnoDB: Using SSE2 crc32 instructions
2025-08-29 19:30:35 0 [Note] InnoDB: Initializing buffer pool, total size = 16M, instances = 1, chunk size = 16M
2025-08-29 19:30:35 0 [Note] InnoDB: Completed initialization of buffer pool
2025-08-29 19:30:35 0 [Note] InnoDB: Starting crash recovery from checkpoint LSN=223198326
2025-08-29 19:30:35 0 [Note] InnoDB: 128 out of 128 rollback segments are active.
2025-08-29 19:30:35 0 [Note] InnoDB: Removed temporary tablespace data file: "ibtmp1"
2025-08-29 19:30:35 0 [Note] InnoDB: Creating shared tablespace for temporary tables
2025-08-29 19:30:35 0 [Note] InnoDB: Setting file 'C:\xampp\mysql\data\ibtmp1' size to 12 MB. Physically writing the file full; Please wait ...
2025-08-29 19:30:35 0 [Note] InnoDB: File 'C:\xampp\mysql\data\ibtmp1' size is now 12 MB.
2025-08-29 19:30:35 0 [Note] InnoDB: Waiting for purge to start
2025-08-29 19:30:36 0 [Note] InnoDB: 10.4.32 started; log sequence number 223198335; transaction id 113550
2025-08-29 19:30:36 0 [Note] InnoDB: Loading buffer pool(s) from C:\xampp\mysql\data\ib_buffer_pool
2025-08-29 19:30:36 0 [Note] Plugin 'FEEDBACK' is disabled.
2025-08-29 19:30:36 0 [Note] InnoDB: Buffer pool(s) load completed at 250829 19:30:36
2025-08-29 19:30:36 0 [Note] Server socket created on IP: '::'.
2025-08-29 21:12:33 0 [Note] Starting MariaDB 10.4.32-MariaDB source revision c4143f909528e3fab0677a28631d10389354c491 as process 17624
2025-08-29 21:12:33 0 [Note] InnoDB: Mutexes and rw_locks use Windows interlocked functions
2025-08-29 21:12:33 0 [Note] InnoDB: Uses event mutexes
2025-08-29 21:12:33 0 [Note] InnoDB: Compressed tables use zlib 1.3
2025-08-29 21:12:33 0 [Note] InnoDB: Number of pools: 1
2025-08-29 21:12:33 0 [Note] InnoDB: Using SSE2 crc32 instructions
2025-08-29 21:12:33 0 [Note] InnoDB: Initializing buffer pool, total size = 16M, instances = 1, chunk size = 16M
2025-08-29 21:12:33 0 [Note] InnoDB: Completed initialization of buffer pool
2025-08-29 21:12:33 0 [Note] InnoDB: Starting crash recovery from checkpoint LSN=225504147
2025-08-29 21:12:33 0 [Note] InnoDB: 128 out of 128 rollback segments are active.
2025-08-29 21:12:33 0 [Note] InnoDB: Removed temporary tablespace data file: "ibtmp1"
2025-08-29 21:12:33 0 [Note] InnoDB: Creating shared tablespace for temporary tables
2025-08-29 21:12:33 0 [Note] InnoDB: Setting file 'C:\xampp\mysql\data\ibtmp1' size to 12 MB. Physically writing the file full; Please wait ...
2025-08-29 21:12:33 0 [Note] InnoDB: File 'C:\xampp\mysql\data\ibtmp1' size is now 12 MB.
2025-08-29 21:12:33 0 [Note] InnoDB: Waiting for purge to start
2025-08-29 21:12:33 0 [Note] InnoDB: 10.4.32 started; log sequence number 225504156; transaction id 114052
2025-08-29 21:12:33 0 [Note] InnoDB: Loading buffer pool(s) from C:\xampp\mysql\data\ib_buffer_pool
2025-08-29 21:12:33 0 [Note] Plugin 'FEEDBACK' is disabled.
2025-08-29 21:12:33 0 [Note] InnoDB: Buffer pool(s) load completed at 250829 21:12:33
2025-08-29 21:12:33 0 [Note] Server socket created on IP: '::'.
2025-08-30  0:20:48 0 [Note] Starting MariaDB 10.4.32-MariaDB source revision c4143f909528e3fab0677a28631d10389354c491 as process 13620
2025-08-30  0:20:48 0 [Note] InnoDB: Mutexes and rw_locks use Windows interlocked functions
2025-08-30  0:20:48 0 [Note] InnoDB: Uses event mutexes
2025-08-30  0:20:48 0 [Note] InnoDB: Compressed tables use zlib 1.3
2025-08-30  0:20:48 0 [Note] InnoDB: Number of pools: 1
2025-08-30  0:20:48 0 [Note] InnoDB: Using SSE2 crc32 instructions
2025-08-30  0:20:48 0 [Note] InnoDB: Initializing buffer pool, total size = 16M, instances = 1, chunk size = 16M
2025-08-30  0:20:48 0 [Note] InnoDB: Completed initialization of buffer pool
2025-08-30  0:20:48 0 [Note] InnoDB: Starting crash recovery from checkpoint LSN=292391658
2025-08-30  0:20:48 0 [Note] InnoDB: 128 out of 128 rollback segments are active.
2025-08-30  0:20:48 0 [Note] InnoDB: Removed temporary tablespace data file: "ibtmp1"
2025-08-30  0:20:48 0 [Note] InnoDB: Creating shared tablespace for temporary tables
2025-08-30  0:20:48 0 [Note] InnoDB: Setting file 'C:\xampp\mysql\data\ibtmp1' size to 12 MB. Physically writing the file full; Please wait ...
2025-08-30  0:20:48 0 [Note] InnoDB: File 'C:\xampp\mysql\data\ibtmp1' size is now 12 MB.
2025-08-30  0:20:48 0 [Note] InnoDB: Waiting for purge to start
2025-08-30  0:20:48 0 [Note] InnoDB: 10.4.32 started; log sequence number 292391667; transaction id 149070
2025-08-30  0:20:48 0 [Note] InnoDB: Loading buffer pool(s) from C:\xampp\mysql\data\ib_buffer_pool
2025-08-30  0:20:48 0 [Note] Plugin 'FEEDBACK' is disabled.
2025-08-30  0:20:48 0 [Note] Server socket created on IP: '::'.
2025-08-30  0:20:48 0 [Note] InnoDB: Buffer pool(s) load completed at 22025-08-30 12:14:20 0 [Note] Starting MariaDB 10.4.32-MariaDB source revision c4143f909528e3fab0677a28631d10389354c491 as process 9732
2025-08-30 12:14:20 0 [Note] mysqld.exe: Aria engine: starting recovery
recovered pages: 0% 100% (0.0 seconds); 
2025-08-30 12:14:20 0 [Note] mysqld.exe: Aria engine: recovery done
2025-08-30 12:14:20 0 [Note] InnoDB: Mutexes and rw_locks use Windows interlocked functions
2025-08-30 12:14:20 0 [Note] InnoDB: Uses event mutexes
2025-08-30 12:14:20 0 [Note] InnoDB: Compressed tables use zlib 1.3
2025-08-30 12:14:20 0 [Note] InnoDB: Number of pools: 1
2025-08-30 12:14:20 0 [Note] InnoDB: Using SSE2 crc32 instructions
2025-08-30 12:14:20 0 [Note] InnoDB: Initializing buffer pool, total size = 16M, instances = 1, chunk size = 16M
2025-08-30 12:14:20 0 [Note] InnoDB: Completed initialization of buffer pool
2025-08-30 12:14:20 0 [Note] InnoDB: Starting crash recovery from checkpoint LSN=292391676
2025-08-30 12:14:20 0 [Note] InnoDB: 128 out of 128 rollback segments are active.
2025-08-30 12:14:20 0 [Note] InnoDB: Removed temporary tablespace data file: "ibtmp1"
2025-08-30 12:14:20 0 [Note] InnoDB: Creating shared tablespace for temporary tables
2025-08-30 12:14:20 0 [Note] InnoDB: Setting file 'C:\xampp\mysql\data\ibtmp1' size to 12 MB. Physically writing the file full; Please wait ...
2025-08-30 12:14:20 0 [Note] InnoDB: File 'C:\xampp\mysql\data\ibtmp1' size is now 12 MB.
2025-08-30 12:14:20 0 [Note] InnoDB: Waiting for purge to start
2025-08-30 12:14:20 0 [Note] InnoDB: 10.4.32 started; log sequence number 292391685; transaction id 149070
2025-08-30 12:14:20 0 [Note] InnoDB: Loading buffer pool(s) from C:\xampp\mysql\data\ib_buffer_pool
2025-08-30 12:14:20 0 [Note] Plugin 'FEEDBACK' is disabled.
2025-08-30 12:14:20 0 [Note] InnoDB: Buffer pool(s) load completed at 250830 12:14:20
2025-08-30 12:14:20 0 [Note] Server socket created on IP: '::'.
